package a

// Flag is a named boolean type; its underlying type resolves to bool, so fields,
// parameters, and results of type Flag are subject to the naming rule too.
type Flag bool

// Config exercises struct-field boolean naming, including named bool types.
type Config struct {
	IsActive         bool
	HasPremium       bool
	UppercaseEnabled bool
	verbose          bool // want `boolean verbose should use an is/has/can/should/will prefix or an Enabled/Disabled suffix`
	Name             string

	// Named bool type with a bad name: underlying-type resolution must catch it.
	active Flag // want `boolean active should use an is/has/can/should/will prefix or an Enabled/Disabled suffix`
	// Named bool type with a good name: resolved to bool, accepted by the suffix.
	retryEnabled Flag
}

// prefixed exercises the can/should/will predicate prefixes, which must all be
// accepted, and a Disabled-suffixed flag.
func prefixed(canRetry, shouldRun, willStart, featureDisabled bool) bool {
	return canRetry && shouldRun && willStart && featureDisabled
}

// boundary exercises the word-boundary guard: isIsland/isHashed/isWilling merely begin
// with the prefix letters is/has/will but have no boundary, so they are NOT
// exempted and must each be flagged on their own parameter line.
func boundary(
	isIsland bool, // want `boolean island should use an is/has/can/should/will prefix or an Enabled/Disabled suffix`
	isHashed bool, // want `boolean hashed should use an is/has/can/should/will prefix or an Enabled/Disabled suffix`
	isWilling bool, // want `boolean willing should use an is/has/can/should/will prefix or an Enabled/Disabled suffix`
) {
	_, _, _ = isIsland, isHashed, isWilling
}

// toggle exercises boolean parameters, including a blank parameter.
func toggle(
	isForce bool, // want `boolean force should use an is/has/can/should/will prefix or an Enabled/Disabled suffix`
	_ bool,
) bool {
	return isForce
}

// query exercises a named boolean result.
func query() (isReady bool) { // want `boolean isReady should use an is/has/can/should/will prefix or an Enabled/Disabled suffix`
	return false
}

// unicodeBoundary exercises non-ASCII word boundaries after a predicate prefix:
// "isÉtat" is is + titlecase "État" and "isǅefg" is is + a titlecase rune, so the
// first rune (not the lead byte) marks the boundary and neither must be flagged.
func unicodeBoundary(isÉtat, isǅefg bool) {
	_, _ = isÉtat, isǅefg
}

// exportedParam exercises the exported-name guard: an uppercase-first parameter
// is diagnosed but never renamed — the heuristic only preserves unexported names.
func exportedParam(
	Force bool, // want `boolean Force should use an is/has/can/should/will prefix or an Enabled/Disabled suffix`
) bool {
	return Force
}

// collision exercises the sibling-collision guard: found's proposed name isFound
// is already declared in the same signature scope, so no fix is offered.
func collision(
	found bool, // want `boolean found should use an is/has/can/should/will prefix or an Enabled/Disabled suffix`
	isFound bool,
) bool {
	return found && isFound
}

// isCached collides with cached's proposed name from the package scope.
var isCached = true

// packageCollision exercises the enclosing-scope collision guard: cached's
// proposed name isCached is a package-scope declaration, so no fix is offered.
func packageCollision(
	cached bool, // want `boolean cached should use an is/has/can/should/will prefix or an Enabled/Disabled suffix`
) bool {
	return cached && isCached
}

// nestedCollision exercises the nested-scope collision guard: ok's proposed name
// isOk is declared inside a nested block, where the rename would be shadowed.
func nestedCollision(
	ok bool, // want `boolean ok should use an is/has/can/should/will prefix or an Enabled/Disabled suffix`
) bool {
	if ok {
		isOk := true
		return isOk
	}
	return ok
}

// naked exercises a named result referenced by assignment and a naked return:
// both the declaration and the assignment must be rewritten.
func naked() (isDone bool) { // want `boolean isDone should use an is/has/can/should/will prefix or an Enabled/Disabled suffix`
	isDone = true
	return
}

// literal exercises a func-literal parameter: the declaration and the body
// reference must both be rewritten.
var literal = func(
	isValid bool, // want `boolean isValid should use an is/has/can/should/will prefix or an Enabled/Disabled suffix`
) bool {
	return isValid
}

// Prober exercises an interface-method named result: a bodyless signature name
// has no references, so the rename is a pure declaration edit.
type Prober interface {
	Probe() (isOk bool) // want `boolean ok should use an is/has/can/should/will prefix or an Enabled/Disabled suffix`
}

// Hooks exercises a func-type struct field's parameter: the field name itself is
// not boolean, but the signature name inside its type is fixable in place.
type Hooks struct {
	OnChange func(
		isFlag bool, // want `boolean flag should use an is/has/can/should/will prefix or an Enabled/Disabled suffix`
	)
}

// accent exercises a multi-byte first rune: the whole rune (not the lead byte)
// must be upcased, so isÉtat becomes isÉtat.
func accent(
	isÉtat bool, // want `boolean état should use an is/has/can/should/will prefix or an Enabled/Disabled suffix`
) bool {
	return isÉtat
}

// noop exercises a function with no results.
func noop() {}
