package a

// proposalCollision exercises the guard on the analyzer's OWN proposals: the
// ASCII s and the long s ſ (U+017F) upper-case to the same S, so both
// parameters propose the same name. Neither name exists yet, so the scope
// lookup sees no collision; the first claimant keeps it and the second is
// diagnosed without a fix, because a signature declaring one identifier twice
// does not compile.
func proposalCollision(
	isSlow bool, // want `boolean slow should use an is/has/can/should/will prefix or an Enabled/Disabled suffix`
	ſlow bool, // want `boolean ſlow should use an is/has/can/should/will prefix or an Enabled/Disabled suffix`
) bool {
	return isSlow && ſlow
}

// resultCollision exercises the same guard across the parameter/result
// boundary: a signature's parameters and its named results share one scope, so
// a result contends with a parameter for a proposed name. Here the ASCII i and
// the dotless ı (U+0131) upper-case to the same I.
func resultCollision(
	isIdle bool, // want `boolean idle should use an is/has/can/should/will prefix or an Enabled/Disabled suffix`
) (ıdle bool) { // want `boolean ıdle should use an is/has/can/should/will prefix or an Enabled/Disabled suffix`
	ıdle = isIdle
	return
}

// underscoreLed exercises the guard on a proposal the rule itself rejects: an
// underscore has no upper case, so the prefix would gain no word boundary and
// the proposed name would be diagnosed the moment it was written — growing
// another "is" on every subsequent run. No fix is offered.
func underscoreLed(
	_chatty bool, // want `boolean _chatty should use an is/has/can/should/will prefix or an Enabled/Disabled suffix`
) bool {
	return _chatty
}

// caselessScript exercises the same guard for a caseless script: Han has no
// case at all, so no is-prefixed rename of such a name can ever satisfy the
// rule and none is proposed.
func caselessScript(
	有効 bool, // want `boolean 有効 should use an is/has/can/should/will prefix or an Enabled/Disabled suffix`
) bool {
	return 有効
}

// nestedShadowing exercises the nested withdrawal in the direction where
// capture is IMPOSSIBLE: the literal's parameter already shadows the enclosing
// one, so nothing inside the literal ever resolved to the enclosing object and
// renaming both is exact. Withdrawing on nesting alone strands the inner name
// forever — no later run renames it either, because by then the enclosing name
// is declared and the scope lookup refuses to shadow it.
func nestedShadowing(
	isQuiet bool, // want `boolean qu.et should use an is/has/can/should/will prefix or an Enabled/Disabled suffix`
) bool {
	inner := func(
		isQuiet bool, // want `boolean qu.et should use an is/has/can/should/will prefix or an Enabled/Disabled suffix`
	) bool {
		return isQuiet
	}
	return inner(isQuiet)
}

// nestedCapture exercises the same withdrawal in the direction where capture is
// REAL: the literal's body reads the enclosing name, so one identifier for both
// would rebind that read to the literal's own parameter — source that compiles,
// vets clean and means something else. The enclosing name is still renamed; the
// nested one is reported and not rewritten.
func nestedCapture(
	isSober bool, // want `boolean .ober should use an is/has/can/should/will prefix or an Enabled/Disabled suffix`
) bool {
	inner := func(
		ſober bool, // want `boolean .ober should use an is/has/can/should/will prefix or an Enabled/Disabled suffix`
	) bool {
		return ſober && !isSober
	}
	return inner(isSober)
}

// bodylessNested exercises a nested signature with no body at all: a func-type
// parameter's own parameter name has no references anywhere, so it can capture
// nothing and both names rename. The enclosing signature is visited first, so
// it is the earlier claimant although its name comes second in the line.
func bodylessNested(
	g func(isSunk bool), // want `boolean s.nk should use an is/has/can/should/will prefix or an Enabled/Disabled suffix`
	isSunk bool, // want `boolean ſ.nk should use an is/has/can/should/will prefix or an Enabled/Disabled suffix`
) bool {
	_ = g
	return isSunk
}

// blockNestedCapture varies the one dimension every case above holds constant:
// the scope DISTANCE between the two contenders. A bare block between the
// enclosing signature and the nested one puts the nested scope two scopes below
// the enclosing one rather than one, so a containment walk that looked only at
// the immediate parent would decide the two do not nest at all, find no capture
// and rename both — leaving `isSane && !isSane`, which compiles, vets clean and
// is constant false.
func blockNestedCapture(
	isSane bool, // want `boolean sane should use an is/has/can/should/will prefix or an Enabled/Disabled suffix`
) bool {
	{
		inner := func(
			ſane bool, // want `boolean ſane should use an is/has/can/should/will prefix or an Enabled/Disabled suffix`
		) bool {
			return ſane && !isSane
		}
		return inner(isSane)
	}
}

// ifNestedCapture puts the same capture three scopes down instead of two: an if
// statement opens a scope for its init and condition and its body opens
// another, so a walk bounded at any fixed depth admits a shape one placement
// deeper than whatever the bound is.
func ifNestedCapture(
	isIcy bool, // want `boolean icy should use an is/has/can/should/will prefix or an Enabled/Disabled suffix`
) bool {
	if isIcy {
		inner := func(
			ıcy bool, // want `boolean ıcy should use an is/has/can/should/will prefix or an Enabled/Disabled suffix`
		) bool {
			return ıcy && !isIcy
		}
		return inner(isIcy)
	}
	return isIcy
}

// deepNestedCapture varies the nesting DEPTH as well as the distance: the
// capture is between the outermost and the innermost of three signatures, with
// a middle one contending for a different name in between. Reconciling a
// candidate against only the claimant before it — rather than against every
// claimant kept so far — passes every case above and captures here.
func deepNestedCapture(
	isSly bool, // want `boolean sly should use an is/has/can/should/will prefix or an Enabled/Disabled suffix`
) bool {
	mid := func(
		isKeen bool, // want `boolean k.en should use an is/has/can/should/will prefix or an Enabled/Disabled suffix`
	) bool {
		deep := func(
			ſly bool, // want `boolean ſly should use an is/has/can/should/will prefix or an Enabled/Disabled suffix`
		) bool {
			return ſly && !isSly
		}
		return deep(isKeen)
	}
	return mid(isSly)
}

// blockNestedFree is the same distance in the direction where capture is
// IMPOSSIBLE, and it is what stops the distance from being treated as the
// danger. The enclosing name is read inside the intervening block but outside
// the nested signature, so nothing the shared identifier would shadow is read
// where the shadow reaches, and both names rename.
func blockNestedFree(
	isStray bool, // want `boolean stray should use an is/has/can/should/will prefix or an Enabled/Disabled suffix`
) bool {
	{
		inner := func(
			isStray bool, // want `boolean ſ.ray should use an is/has/can/should/will prefix or an Enabled/Disabled suffix`
		) bool {
			return isStray
		}
		return inner(isStray)
	}
}
